// Jest Snapshot v1, https://goo.gl/fbAQLP

exports[`<ButtonUI /> 1`] = `
<div>
  <button
    class="MuiButtonBase-root-27 MuiButton-root-1 MuiButton-contained-12 MuiButton-containedPrimary-13 MuiButton-raised-15 MuiButton-raisedPrimary-16"
    data-testid="mutate"
    style="width: 120px;"
    tabindex="0"
    type="button"
  >
    <span
      class="MuiButton-label-2"
    >
      <svg
        aria-hidden="true"
        class="MuiSvgIcon-root-30 sc-bdVaJa kjEbUR"
        focusable="false"
        role="presentation"
        style="color: white;"
        viewBox="0 0 24 24"
      >
        <path
          d="M9 11.3l3.71 2.7-1.42-4.36L15 7h-4.55L9 2.5 7.55 7H3l3.71 2.64L5.29 14z"
          transform="scale(1.33, 1.33)"
        />
        <path
          d="M0 0h18v18H0z"
          fill="none"
          transform="scale(1.33, 1.33)"
        />
      </svg>
      STAR
    </span>
    <span
      class="MuiTouchRipple-root-39"
    />
  </button>
</div>
`;
