// Jest Snapshot v1, https://goo.gl/fbAQLP

exports[`<Results /> 1`] = `null`;
